// Jest Snapshot v1, https://goo.gl/fbAQLP

exports[`ArticleList should render correctly 1`] = `
<div>
  <div>
    <div
      style={
        Object {
          "fontWeight": "bold",
        }
      }
    />
    <div
      style={
        Object {
          "color": "#888",
          "fontSize": "0.8em",
        }
      }
    >
      Invalid Date
    </div>
    <div
      style={
        Object {
          "paddingBottom": 10,
          "paddingTop": 10,
        }
      }
    >
      <a>
         
      </a>
    </div>
    <div
      style={
        Object {
          "paddingLeft": 10,
        }
      }
    />
  </div>
  <div>
    <div
      style={
        Object {
          "fontWeight": "bold",
        }
      }
    />
    <div
      style={
        Object {
          "color": "#888",
          "fontSize": "0.8em",
        }
      }
    >
      Invalid Date
    </div>
    <div
      style={
        Object {
          "paddingBottom": 10,
          "paddingTop": 10,
        }
      }
    >
      <a>
         
      </a>
    </div>
    <div
      style={
        Object {
          "paddingLeft": 10,
        }
      }
    />
  </div>
</div>
`;
